{"ok":true,"data":{"destinations":[{"alias":"chat:dev","display_name":"Dev","kind":"chat","mentionable":false,"send":true,"watch":true},{"alias":"user:jane","kind":"user","mentionable":true,"send":true,"watch":false}],"display_name":"Bot","id":"id1","limits":{"max_bytes":4000,"max_results":50,"max_writes_per_run":30,"rate_per_hour":100,"rate_per_minute":10,"reply_depth_max":3},"policy":"agent","policy_path":"/etc/agent-cli/teams.policy.yaml","policy_version":1,"poll_interval_seconds":15,"upn":"bot@x.com","version":"1.2.3"},"meta":{"truncated":false,"next_offset":null,"count":0}}
